
Copyright (C) 1994-2018 Synopsys, Inc.
This Synopsys software and all associated documentation are proprietary to Synopsys, Inc.
and may only be used pursuant to the terms and conditions of a written license agreement
with Synopsys, Inc. All other use, reproduction, modification, or distribution of the
Synopsys software or the associated documentation is strictly prohibited.
Tool: Synplify Pro (R)
Build: N-2018.03L-SP1-1
Install: /opt/lscc/diamond/3.11_x64/synpbase
OS: Debian GNU/Linux 8 (jessie)
Hostname: debian-dell

Implementation : raw_colorbar
Synopsys HDL compiler and linker, Version comp2018q2p1, Build 461R, Built Apr  1 2019 09:26:38

Modified Files: 1
FID:  path (prevtimestamp, timestamp)
23       /home/andy/Downloads/tmp/raw_colorbar_gen/top.v (2020-04-24 15:41:49, 2020-04-24 15:43:25)

*******************************************************************
Modules that may have changed as a result of file changes: 3
MID:  lib.cell.view
1        work.pll_sensor_clk.verilog may have changed because the following files changed:
                        /home/andy/Downloads/tmp/raw_colorbar_gen/top.v (2020-04-24 15:41:49, 2020-04-24 15:43:25) <-- (may instantiate this module)
3        work.raw_colorbar_gen.verilog may have changed because the following files changed:
                        /home/andy/Downloads/tmp/raw_colorbar_gen/top.v (2020-04-24 15:41:49, 2020-04-24 15:43:25) <-- (may instantiate this module)
2        work.top.verilog may have changed because the following files changed:
                        /home/andy/Downloads/tmp/raw_colorbar_gen/top.v (2020-04-24 15:41:49, 2020-04-24 15:43:25) <-- (module definition)

*******************************************************************
Unmodified files: 8
FID:  path (timestamp)
21       /home/andy/Downloads/tmp/raw_colorbar_gen/clarity/PLL/pll_sensor_clk/pll_sensor_clk.v (2020-04-24 15:34:16)
22       /home/andy/Downloads/tmp/raw_colorbar_gen/raw_colorbar_gen.v (2020-04-23 15:14:18)
20       /opt/lscc/diamond/3.11_x64/synpbase/lib/lucent/ecp5um.v (2019-04-02 00:16:26)
4        /opt/lscc/diamond/3.11_x64/synpbase/lib/lucent/pmi_def.v (2019-04-02 00:16:26)
5        /opt/lscc/diamond/3.11_x64/synpbase/lib/vlog/hypermods.v (2019-04-02 00:18:47)
6        /opt/lscc/diamond/3.11_x64/synpbase/lib/vlog/scemi_objects.v (2019-04-02 00:18:47)
7        /opt/lscc/diamond/3.11_x64/synpbase/lib/vlog/scemi_pipes.svh (2019-04-02 00:18:47)
8        /opt/lscc/diamond/3.11_x64/synpbase/lib/vlog/umr_capim.v (2018-07-12 20:25:32)

*******************************************************************
Unchanged modules: 0
MID:  lib.cell.view
